! THMS_ID=10       ::  ADC,TDC
! HSCIN_ID=13      ::  ADC+,ADC-,TDC+,TDC-


DETECTOR=10

ROC=1
SLOT=18
REFINDEX=3
  11,1000,0,3

SLOT=17
REFINDEX=3
   8,   1,   1,   0  ! hASUM
   9,   1,   2,   0  ! hBSUM
  10,   1,   3,   0  ! hCSUM
  11,   1,   4,   0  ! hDSUM
  12,   1,   5,   0  ! hPSHWR
  13,   1,   6,   0  ! hSHWR
  14,   1,   7,   0  ! hAERSUM
  15,   1,   8,   0  ! hCERSUM

SLOT=18
REFINDEX=3
  11,   1,   9,   0  ! hFADC_TREF_ROC1

SLOT=2
REFINDEX=0
   0,   2,   1,   1  ! h1X
   1,   2,   2,   1  ! h1Y
   2,   2,   3,   1  ! h2X
   3,   2,   4,   1  ! h2Y
   4,   2,   5,   1  ! h1T
   5,   2,   6,   1  ! h2T
   6,1000,   0,   0  ! hTref
   6,   2,   7,   1  ! hT1
   7,   2,   8,   1  ! hASUM
   8,   2,   9,   1  ! hBSUM
   9,   2,  10,   1  ! hCSUM
  10,   2,  11,   1  ! hDSUM
  11,   2,  12,   1  ! hPSHWRLO
  12,   2,  13,   1  ! hPSHWRHI
  13,   2,  14,   1  ! hSHWR
  14,   2,  15,   1  ! hHODO_EDTM
  15,   2,  16,   1  ! hCERSUM
  26,   2,  22,   1  ! hTRIG1
  27,   2,  23,   1  ! hTRIG2
  28,   2,  24,   1  ! hTRIG3
  29,   2,  25,   1  ! hTRIG4
  30,   2,  26,   1  ! hTRIG5
  31,   2,  27,   1  ! hTRIG6
  16,   2,  28,   1  ! pTRIG1
  17,   2,  29,   1  ! pTRIG2
  18,   2,  30,   1  ! pTRIG3
  19,   2,  31,   1  ! pTRIG4
  20,   2,  32,   1  ! pTRIG5
  21,   2,  33,   1  ! pTRIG6

SLOT=20
REFINDEX=0
 127,   2,  17,   1  ! hT2

ROC=3

SLOT=8
 15,   2,  18,   1  ! hDCREF1

SLOT=16
 63,   2,  19,   1  ! hDCREF2

SLOT=4
 111,   2,  20,   1  ! hDCREF3

SLOT=13
 95,   2,  21,   1  ! hDCREF4


DETECTOR=13

ROC=1
SLOT=18
REFINDEX=3
  11,1000,0,3

SLOT=8
REFINDEX=3
   0,   1,   1,   0  ! h1x01A+
   1,   1,   2,   0  ! h1x02A+
   2,   1,   3,   0  ! h1x03A+
   3,   1,   4,   0  ! h1x04A+
   4,   1,   5,   0  ! h1x05A+
   5,   1,   6,   0  ! h1x06A+
   6,   1,   7,   0  ! h1x07A+
   7,   1,   8,   0  ! h1x08A+
   8,   1,   9,   0  ! h1x09A+
   9,   1,  10,   0  ! h1x10A+
  10,   1,  11,   0  ! h1x11A+
  11,   1,  12,   0  ! h1x12A+
  12,   1,  13,   0  ! h1x13A+
  13,   1,  14,   0  ! h1x14A+
  14,   1,  15,   0  ! h1x15A+
  15,   1,  16,   0  ! h1x16A+

SLOT=9
REFINDEX=3
   0,   1,   1,   1  ! h1x01A-
   1,   1,   2,   1  ! h1x02A-
   2,   1,   3,   1  ! h1x03A-
   3,   1,   4,   1  ! h1x04A-
   4,   1,   5,   1  ! h1x05A-
   5,   1,   6,   1  ! h1x06A-
   6,   1,   7,   1  ! h1x07A-
   7,   1,   8,   1  ! h1x08A-
   8,   1,   9,   1  ! h1x09A-
   9,   1,  10,   1  ! h1x10A-
  10,   1,  11,   1  ! h1x11A-
  11,   1,  12,   1  ! h1x12A-
  12,   1,  13,   1  ! h1x13A-
  13,   1,  14,   1  ! h1x14A-
  14,   1,  15,   1  ! h1x15A-
  15,   1,  16,   1  ! h1x16A-

SLOT=10
REFINDEX=3
   0,   2,   1,   0  ! h1y01A+
   1,   2,   2,   0  ! h1y02A+
   2,   2,   3,   0  ! h1y03A+
   3,   2,   4,   0  ! h1y04A+
   4,   2,   5,   0  ! h1y05A+
   5,   2,   6,   0  ! h1y06A+
   6,   2,   7,   0  ! h1y07A+
   7,   2,   8,   0  ! h1y08A+
   8,   2,   9,   0  ! h1y09A+
   9,   2,  10,   0  ! h1y10A+
  10,   2,   1,   1  ! h1y01A-
  11,   2,   2,   1  ! h1y02A-
  12,   2,   3,   1  ! h1y03A-
  13,   2,   4,   1  ! h1y04A-
  14,   2,   5,   1  ! h1y05A-
  15,   2,   6,   1  ! h1y06A-

SLOT=13
REFINDEX=3
   0,   2,   7,   1  ! h1y07A-
   1,   2,   8,   1  ! h1y08A-
   2,   2,   9,   1  ! h1y09A-
   3,   2,  10,   1  ! h1y10A-
   4,   3,   1,   0  ! h2x01A+
   5,   3,   2,   0  ! h2x02A+
   6,   3,   3,   0  ! h2x03A+
   7,   3,   4,   0  ! h2x04A+
   8,   3,   5,   0  ! h2x05A+
   9,   3,   6,   0  ! h2x06A+
  10,   3,   7,   0  ! h2x07A+
  11,   3,   8,   0  ! h2x08A+
  12,   3,   9,   0  ! h2x09A+
  13,   3,  10,   0  ! h2x10A+
  14,   3,  11,   0  ! h2x11A+
  15,   3,  12,   0  ! h2x12A+

SLOT=14
REFINDEX=3
   0,   3,  13,   0  ! h2x13A+
   1,   3,  14,   0  ! h2x14A+
   2,   3,  15,   0  ! h2x15A+
   3,   3,  16,   0  ! h2x16A+
   4,   3,   1,   1  ! h2x01A-
   5,   3,   2,   1  ! h2x02A-
   6,   3,   3,   1  ! h2x03A-
   7,   3,   4,   1  ! h2x04A-
   8,   3,   5,   1  ! h2x05A-
   9,   3,   6,   1  ! h2x06A-
  10,   3,   7,   1  ! h2x07A-
  11,   3,   8,   1  ! h2x08A-
  12,   3,   9,   1  ! h2x09A-
  13,   3,  10,   1  ! h2x10A-
  14,   3,  11,   1  ! h2x11A-
  15,   3,  12,   1  ! h2x12A-

SLOT=15
REFINDEX=3
   0,   3,  13,   1  ! h2x13A-
   1,   3,  14,   1  ! h2x14A-
   2,   3,  15,   1  ! h2x15A-
   3,   3,  16,   1  ! h2x16A-
   4,   4,   1,   0  ! h2y01A+
   5,   4,   2,   0  ! h2y02A+
   6,   4,   3,   0  ! h2y03A+
   7,   4,   4,   0  ! h2y04A+
   8,   4,   5,   0  ! h2y05A+
   9,   4,   6,   0  ! h2y06A+
  10,   4,   7,   0  ! h2y07A+
  11,   4,   8,   0  ! h2y08A+
  12,   4,   9,   0  ! h2y09A+
  13,   4,  10,   0  ! h2y10A+
  14,   4,   1,   1  ! h2y01A-
  15,   4,   2,   1  ! h2y02A-

SLOT=16
REFINDEX=3
   0,   4,   3,   1  ! h2y03A-
   1,   4,   4,   1  ! h2y04A-
   2,   4,   5,   1  ! h2y05A-
   3,   4,   6,   1  ! h2y06A-
   4,   4,   7,   1  ! h2y07A-
   5,   4,   8,   1  ! h2y08A-
   6,   4,   9,   1  ! h2y09A-
   7,   4,  10,   1  ! h2y10A-

SLOT=20
REFINDEX=0
 127,1000,   0,   0
   0,   1,   1,   2  ! h1x01T+
   1,   1,   3,   2  ! h1x03T+
   2,   1,   5,   2  ! h1x05T+
   3,   1,   7,   2  ! h1x07T+
   4,   1,   2,   2  ! h1x02T+
   5,   1,   4,   2  ! h1x04T+
   6,   1,   6,   2  ! h1x06T+
   7,   1,   8,   2  ! h1x08T+
   8,   1,   9,   2  ! h1x09T+
   9,   1,  11,   2  ! h1x11T+
  10,   1,  13,   2  ! h1x13T+
  11,   1,  15,   2  ! h1x15T+
  12,   1,  10,   2  ! h1x10T+
  13,   1,  12,   2  ! h1x12T+
  14,   1,  14,   2  ! h1x14T+
  15,   1,  16,   2  ! h1x16T+
  16,   1,   1,   3  ! h1x01T-
  17,   1,   3,   3  ! h1x03T-
  18,   1,   5,   3  ! h1x05T-
  19,   1,   7,   3  ! h1x07T-
  20,   1,   2,   3  ! h1x02T-
  21,   1,   4,   3  ! h1x04T-
  22,   1,   6,   3  ! h1x06T-
  23,   1,   8,   3  ! h1x08T-
  24,   1,   9,   3  ! h1x09T-
  25,   1,  11,   3  ! h1x11T-
  26,   1,  13,   3  ! h1x13T-
  27,   1,  15,   3  ! h1x15T-
  28,   1,  10,   3  ! h1x10T-
  29,   1,  12,   3  ! h1x12T-
  30,   1,  14,   3  ! h1x14T-
  31,   1,  16,   3  ! h1x16T-
  32,   2,   1,   2  ! h1y01T+
  33,   2,   3,   2  ! h1y03T+
  34,   2,   5,   2  ! h1y05T+
  35,   2,   7,   2  ! h1y07T+
  36,   2,   2,   2  ! h1y02T+
  37,   2,   4,   2  ! h1y04T+
  38,   2,   6,   2  ! h1y06T+
  39,   2,   8,   2  ! h1y08T+
  40,   2,   9,   2  ! h1y09T+
  44,   2,  10,   2  ! h1y10T+
  48,   2,   1,   3  ! h1y01T-
  49,   2,   3,   3  ! h1y03T-
  50,   2,   5,   3  ! h1y05T-
  51,   2,   7,   3  ! h1y07T-
  52,   2,   2,   3  ! h1y02T-
  53,   2,   4,   3  ! h1y04T-
  54,   2,   6,   3  ! h1y06T-
  55,   2,   8,   3  ! h1y08T-
  56,   2,   9,   3  ! h1y09T-
  60,   2,  10,   3  ! h1y10T-
  64,   3,   1,   2  ! h2x01T+
  65,   3,   3,   2  ! h2x03T+
  66,   3,   5,   2  ! h2x05T+
  67,   3,   7,   2  ! h2x07T+
  68,   3,   2,   2  ! h2x02T+
  69,   3,   4,   2  ! h2x04T+
  70,   3,   6,   2  ! h2x06T+
  71,   3,   8,   2  ! h2x08T+
  72,   3,   9,   2  ! h2x09T+
  73,   3,  11,   2  ! h2x11T+
  74,   3,  13,   2  ! h2x13T+
  75,   3,  15,   2  ! h2x15T+
  76,   3,  10,   2  ! h2x10T+
  77,   3,  12,   2  ! h2x12T+
  78,   3,  14,   2  ! h2x14T+
  79,   3,  16,   2  ! h2x16T+
  80,   3,   1,   3  ! h2x01T-
  81,   3,   3,   3  ! h2x03T-
  82,   3,   5,   3  ! h2x05T-
  83,   3,   7,   3  ! h2x07T-
  84,   3,   2,   3  ! h2x02T-
  85,   3,   4,   3  ! h2x04T-
  86,   3,   6,   3  ! h2x06T-
  87,   3,   8,   3  ! h2x08T-
  88,   3,   9,   3  ! h2x09T-
  89,   3,  11,   3  ! h2x11T-
  90,   3,  13,   3  ! h2x13T-
  91,   3,  15,   3  ! h2x15T-
  92,   3,  10,   3  ! h2x10T-
  93,   3,  12,   3  ! h2x12T-
  94,   3,  14,   3  ! h2x14T-
  95,   3,  16,   3  ! h2x16T-
  96,   4,   1,   2  ! h2y01T+
  97,   4,   3,   2  ! h2y03T+
  98,   4,   5,   2  ! h2y05T+
  99,   4,   7,   2  ! h2y07T+
 100,   4,   2,   2  ! h2y02T+
 101,   4,   4,   2  ! h2y04T+
 102,   4,   6,   2  ! h2y06T+
 103,   4,   8,   2  ! h2y08T+
 104,   4,   9,   2  ! h2y09T+
 108,   4,  10,   2  ! h2y10T+
 112,   4,   1,   3  ! h2y01T-
 113,   4,   3,   3  ! h2y03T-
 114,   4,   5,   3  ! h2y05T-
 115,   4,   7,   3  ! h2y07T-
 116,   4,   2,   3  ! h2y02T-
 117,   4,   4,   3  ! h2y04T-
 118,   4,   6,   3  ! h2y06T-
 119,   4,   8,   3  ! h2y08T-
 120,   4,   9,   3  ! h2y09T-
 124,   4,  10,   3  ! h2y10T-
