! SHMS:
! TSHMS_ID=20      ::  ADC,TDC

! Plane = 1 >> ADC Only
! Plane = 2 >> TDC Only

DETECTOR=20

ROC=2

!F250 module
SLOT=14
REFINDEX=3
! chan    plane     bar    sig
    11,   1000,      0,     3 ! pFADC_TREF_ROC2
     0,      1,      1,     0 ! pAER
     1,      1,      2,     0 ! pHGCER
     2,      1,      3,     0 ! pNGCER
     3,      1,      4,     0 ! pPSHWR
     4,      1,      6,     0 ! pHGCER_MOD
     5,      1,      7,     0 ! pNGCER_MOD
     8,      1,      8,     0 ! pHEL_NEG
     9,      1,      9,     0 ! pHEL_POS
    10,      1,     10,     0 ! pHEL_MPS
    11,      1,      5,     0 ! pFADC_TREF_ROC2
    
! CAEN1190 module
SLOT=20
REFINDEX=1
! chan    plane     bar    sig
    15,   1000,      0,     1 ! pTRef1
    15,      2,      1,     1 ! pT1

! CAEN1190 module
SLOT=19
REFINDEX=0
! A1
! chan    plane     bar    sig
    31,    1000,      0,     0 ! pTRef2
    31,       2,      2,     1 ! pT2
! B0
    32,       2,      3,     1 ! p1X
    33,       2,      4,     1 ! p1Y
    34,       2,      5,     1 ! p2X
    35,       2,      6,     1 ! p2Y
    36,       2,      7,     1 ! p1T
    37,       2,      8,     1 ! p2T
    38,       2,      9,     1 ! pT3
    39,       2,     10,     1 ! pAER
    40,       2,     11,     1 ! pHGCER
    41,       2,     12,     1 ! pNGCER
    42,       2,     23,     1 ! pEDTM
    43,       2,     24,     1 ! pPRLO
    44,       2,     25,     1 ! pPRHI
! B1
    48,       2,     26,     1 ! pTRIG1
    49,       2,     27,     1 ! pTRIG2
    50,       2,     28,     1 ! pTRIG3
    51,       2,     29,     1 ! pTRIG4
    52,       2,     30,     1 ! pTRIG5
    53,       2,     31,     1 ! pTRIG6
    58,       2,     32,     1 ! hTRIG1
    59,       2,     33,     1 ! hTRIG2
    60,       2,     34,     1 ! hTRIG3
    61,       2,     35,     1 ! hTRIG4
    62,       2,     36,     1 ! hTRIG5
    63,       2,     37,     1 ! hTRIG6
! C0
    64,       2,     38,     1 ! pSTOF
    65,       2,     39,     1 ! pEL_LO_LO
    66,       2,     40,     1 ! pEL_LO
    67,       2,     41,     1 ! pEL_HI
    68,       2,     42,     1 ! pEL_REAL
    69,       2,     43,     1 ! pEL_CLEAN
    72,       2,     44,     1 ! hSTOF
    73,       2,     45,     1 ! hEL_LO_LO
    74,       2,     46,     1 ! hEL_LO
    75,       2,     47,     1 ! hEL_HI
    76,       2,     48,     1 ! hEL_REAL
    77,       2,     49,     1 ! hEL_CLEAN
    79,       2,     58,     1 ! pRF
! C1
    80,       2,     50,     1 ! pPRE40
    81,       2,     51,     1 ! pPRE100
    82,       2,     52,     1 ! pPRE150
    83,       2,     53,     1 ! pPRE200
    88,       2,     54,     1 ! hPRE40
    89,       2,     55,     1 ! hPRE100
    90,       2,     56,     1 ! hPRE150
    91,       2,     57,     1 ! hPRE200

ROC=6

SLOT=6
  79,   2,  13,   1  ! pDCREF1

SLOT=7
  79,   2,  14,   1  ! pDCREF2

SLOT=8
  79,   2,  15,   1  ! pDCREF3

SLOT=9
  79,   2,  16,   1  ! pDCREF4

SLOT=10
  79,   2,  17,   1  ! pDCREF5

SLOT=11
  47,   2,  18,   1  ! pDCREF6

SLOT=12
  47,   2,  19,   1  ! pDCREF7

SLOT=13
  47,   2,  20,   1  ! pDCREF8

SLOT=14
  15,   2,  21,   1  ! pDCREF9

SLOT=15
  47,   2,  22,   1  ! pDCREF10