! PCAL_ID=26       ::  ADC

DETECTOR=26

ROC=2

SLOT=14
REFINDEX=3
  11,1000,   0,   3  ! pFADC_TREF_ROC2

ROC=4

SLOT=3
REFINDEX=3
   0,   1,   1,   0  ! pPRSH1+
   1,   1,   2,   0  ! pPRSH2+
   2,   1,   3,   0  ! pPRSH3+
   3,   1,   4,   0  ! pPRSH4+
   4,   1,   5,   0  ! pPRSH5+
   5,   1,   6,   0  ! pPRSH6+
   6,   1,   7,   0  ! pPRSH7+
   7,   1,   8,   0  ! pPRSH8+
   8,   1,   9,   0  ! pPRSH9+
   9,   1,  10,   0  ! pPRSH10+
  10,   1,  11,   0  ! pPRSH11+
  11,   1,  12,   0  ! pPRSH12+
  12,   1,  13,   0  ! pPRSH13+
  13,   1,  14,   0  ! pPRSH14+

SLOT=4
REFINDEX=3
   0,   1,   1,   1  ! pPRSH1-
   1,   1,   2,   1  ! pPRSH2-
   2,   1,   3,   1  ! pPRSH3-
   3,   1,   4,   1  ! pPRSH4-
   4,   1,   5,   1  ! pPRSH5-
   5,   1,   6,   1  ! pPRSH6-
   6,   1,   7,   1  ! pPRSH7-
   7,   1,   8,   1  ! pPRSH8-
   8,   1,   9,   1  ! pPRSH9-
   9,   1,  10,   1  ! pPRSH10-
  10,   1,  11,   1  ! pPRSH11-
  11,   1,  12,   1  ! pPRSH12-
  12,   1,  13,   1  ! pPRSH13-
  13,   1,  14,   1  ! pPRSH14-

SLOT=5
REFINDEX=3
   0,   2,   1,   0  ! Row 1, Column 1
   1,   2,   2,   0  ! Row 2, Column 1
   2,   2,   3,   0  ! Row 3, Column 1
   3,   2,   4,   0  ! Row 4, Column 1
   4,   2,   5,   0  ! Row 5, Column 1
   5,   2,   6,   0  ! Row 6, Column 1
   6,   2,   7,   0  ! Row 7, Column 1
   7,   2,   8,   0  ! Row 8, Column 1
   8,   2,   9,   0  ! Row 9, Column 1
   9,   2,  10,   0  ! Row 10, Column 1
  10,   2,  11,   0  ! Row 11, Column 1
  11,   2,  12,   0  ! Row 12, Column 1
  12,   2,  13,   0  ! Row 13, Column 1
  13,   2,  14,   0  ! Row 14, Column 1
  14,   2,  15,   0  ! Row 15, Column 1
  15,   2,  16,   0  ! Row 16, Column 1

SLOT=6
REFINDEX=3
   0,   2,  17,   0  ! Row 1, Column 2
   1,   2,  18,   0  ! Row 2, Column 2
   2,   2,  19,   0  ! Row 3, Column 2
   3,   2,  20,   0  ! Row 4, Column 2
   4,   2,  21,   0  ! Row 5, Column 2
   5,   2,  22,   0  ! Row 6, Column 2
   6,   2,  23,   0  ! Row 7, Column 2
   7,   2,  24,   0  ! Row 8, Column 2
   8,   2,  25,   0  ! Row 9, Column 2
   9,   2,  26,   0  ! Row 10, Column 2
  10,   2,  27,   0  ! Row 11, Column 2
  11,   2,  28,   0  ! Row 12, Column 2
  12,   2,  29,   0  ! Row 13, Column 2
  13,   2,  30,   0  ! Row 14, Column 2
  14,   2,  31,   0  ! Row 15, Column 2
  15,   2,  32,   0  ! Row 16, Column 2

SLOT=7
REFINDEX=3
   0,   2,  33,   0  ! Row 1, Column 3
   1,   2,  34,   0  ! Row 2, Column 3
   2,   2,  35,   0  ! Row 3, Column 3
   3,   2,  36,   0  ! Row 4, Column 3
   4,   2,  37,   0  ! Row 5, Column 3
   5,   2,  38,   0  ! Row 6, Column 3
   6,   2,  39,   0  ! Row 7, Column 3
   7,   2,  40,   0  ! Row 8, Column 3
   8,   2,  41,   0  ! Row 9, Column 3
   9,   2,  42,   0  ! Row 10, Column 3
  10,   2,  43,   0  ! Row 11, Column 3
  11,   2,  44,   0  ! Row 12, Column 3
  12,   2,  45,   0  ! Row 13, Column 3
  13,   2,  46,   0  ! Row 14, Column 3
  14,   2,  47,   0  ! Row 15, Column 3
  15,   2,  48,   0  ! Row 16, Column 3

SLOT=8
REFINDEX=3
   0,   2,  49,   0  ! Row 1, Column 4
   1,   2,  50,   0  ! Row 2, Column 4
   2,   2,  51,   0  ! Row 3, Column 4
   3,   2,  52,   0  ! Row 4, Column 4
   4,   2,  53,   0  ! Row 5, Column 4
   5,   2,  54,   0  ! Row 6, Column 4
   6,   2,  55,   0  ! Row 7, Column 4
   7,   2,  56,   0  ! Row 8, Column 4
   8,   2,  57,   0  ! Row 9, Column 4
   9,   2,  58,   0  ! Row 10, Column 4
  10,   2,  59,   0  ! Row 11, Column 4
  11,   2,  60,   0  ! Row 12, Column 4
  12,   2,  61,   0  ! Row 13, Column 4
  13,   2,  62,   0  ! Row 14, Column 4
  14,   2,  63,   0  ! Row 15, Column 4
  15,   2,  64,   0  ! Row 16, Column 4

SLOT=9
REFINDEX=3
   0,   2,  65,   0  ! Row 1, Column 5
   1,   2,  66,   0  ! Row 2, Column 5
   2,   2,  67,   0  ! Row 3, Column 5
   3,   2,  68,   0  ! Row 4, Column 5
   4,   2,  69,   0  ! Row 5, Column 5
   5,   2,  70,   0  ! Row 6, Column 5
   6,   2,  71,   0  ! Row 7, Column 5
   7,   2,  72,   0  ! Row 8, Column 5
   8,   2,  73,   0  ! Row 9, Column 5
   9,   2,  74,   0  ! Row 10, Column 5
  10,   2,  75,   0  ! Row 11, Column 5
  11,   2,  76,   0  ! Row 12, Column 5
  12,   2,  77,   0  ! Row 13, Column 5
  13,   2,  78,   0  ! Row 14, Column 5
  14,   2,  79,   0  ! Row 15, Column 5
  15,   2,  80,   0  ! Row 16, Column 5

SLOT=10
REFINDEX=3
   0,   2,  81,   0  ! Row 1, Column 6
   1,   2,  82,   0  ! Row 2, Column 6
   2,   2,  83,   0  ! Row 3, Column 6
   3,   2,  84,   0  ! Row 4, Column 6
   4,   2,  85,   0  ! Row 5, Column 6
   5,   2,  86,   0  ! Row 6, Column 6
   6,   2,  87,   0  ! Row 7, Column 6
   7,   2,  88,   0  ! Row 8, Column 6
   8,   2,  89,   0  ! Row 9, Column 6
   9,   2,  90,   0  ! Row 10, Column 6
  10,   2,  91,   0  ! Row 11, Column 6
  11,   2,  92,   0  ! Row 12, Column 6
  12,   2,  93,   0  ! Row 13, Column 6
  13,   2,  94,   0  ! Row 14, Column 6
  14,   2,  95,   0  ! Row 15, Column 6
  15,   2,  96,   0  ! Row 16, Column 6

SLOT=13
REFINDEX=3
   0,   2,  97,   0  ! Row 1, Column 7
   1,   2,  98,   0  ! Row 2, Column 7
   2,   2,  99,   0  ! Row 3, Column 7
   3,   2, 100,   0  ! Row 4, Column 7
   4,   2, 101,   0  ! Row 5, Column 7
   5,   2, 102,   0  ! Row 6, Column 7
   6,   2, 103,   0  ! Row 7, Column 7
   7,   2, 104,   0  ! Row 8, Column 7
   8,   2, 105,   0  ! Row 9, Column 7
   9,   2, 106,   0  ! Row 10, Column 7
  10,   2, 107,   0  ! Row 11, Column 7
  11,   2, 108,   0  ! Row 12, Column 7
  12,   2, 109,   0  ! Row 13, Column 7
  13,   2, 110,   0  ! Row 14, Column 7
  14,   2, 111,   0  ! Row 15, Column 7
  15,   2, 112,   0  ! Row 16, Column 7

SLOT=14
REFINDEX=3
   0,   2, 113,   0  ! Row 1, Column 8
   1,   2, 114,   0  ! Row 2, Column 8
   2,   2, 115,   0  ! Row 3, Column 8
   3,   2, 116,   0  ! Row 4, Column 8
   4,   2, 117,   0  ! Row 5, Column 8
   5,   2, 118,   0  ! Row 6, Column 8
   6,   2, 119,   0  ! Row 7, Column 8
   7,   2, 120,   0  ! Row 8, Column 8
   8,   2, 121,   0  ! Row 9, Column 8
   9,   2, 122,   0  ! Row 10, Column 8
  10,   2, 123,   0  ! Row 11, Column 8
  11,   2, 124,   0  ! Row 12, Column 8
  12,   2, 125,   0  ! Row 13, Column 8
  13,   2, 126,   0  ! Row 14, Column 8
  14,   2, 127,   0  ! Row 15, Column 8
  15,   2, 128,   0  ! Row 16, Column 8

SLOT=15
REFINDEX=3
   0,   2, 129,   0  ! Row 1, Column 9
   1,   2, 130,   0  ! Row 2, Column 9
   2,   2, 131,   0  ! Row 3, Column 9
   3,   2, 132,   0  ! Row 4, Column 9
   4,   2, 133,   0  ! Row 5, Column 9
   5,   2, 134,   0  ! Row 6, Column 9
   6,   2, 135,   0  ! Row 7, Column 9
   7,   2, 136,   0  ! Row 8, Column 9
   8,   2, 137,   0  ! Row 9, Column 9
   9,   2, 138,   0  ! Row 10, Column 9
  10,   2, 139,   0  ! Row 11, Column 9
  11,   2, 140,   0  ! Row 12, Column 9
  12,   2, 141,   0  ! Row 13, Column 9
  13,   2, 142,   0  ! Row 14, Column 9
  14,   2, 143,   0  ! Row 15, Column 9
  15,   2, 144,   0  ! Row 16, Column 9

SLOT=16
REFINDEX=3
   0,   2, 145,   0  ! Row 1, Column 10
   1,   2, 146,   0  ! Row 2, Column 10
   2,   2, 147,   0  ! Row 3, Column 10
   3,   2, 148,   0  ! Row 4, Column 10
   4,   2, 149,   0  ! Row 5, Column 10
   5,   2, 150,   0  ! Row 6, Column 10
   6,   2, 151,   0  ! Row 7, Column 10
   7,   2, 152,   0  ! Row 8, Column 10
   8,   2, 153,   0  ! Row 9, Column 10
   9,   2, 154,   0  ! Row 10, Column 10
  10,   2, 155,   0  ! Row 11, Column 10
  11,   2, 156,   0  ! Row 12, Column 10
  12,   2, 157,   0  ! Row 13, Column 10
  13,   2, 158,   0  ! Row 14, Column 10
  14,   2, 159,   0  ! Row 15, Column 10
  15,   2, 160,   0  ! Row 16, Column 10

SLOT=17
REFINDEX=3
   0,   2, 161,   0  ! Row 1, Column 11
   1,   2, 162,   0  ! Row 2, Column 11
   2,   2, 163,   0  ! Row 3, Column 11
   3,   2, 164,   0  ! Row 4, Column 11
   4,   2, 165,   0  ! Row 5, Column 11
   5,   2, 166,   0  ! Row 6, Column 11
   6,   2, 167,   0  ! Row 7, Column 11
   7,   2, 168,   0  ! Row 8, Column 11
   8,   2, 169,   0  ! Row 9, Column 11
   9,   2, 170,   0  ! Row 10, Column 11
  10,   2, 171,   0  ! Row 11, Column 11
  11,   2, 172,   0  ! Row 12, Column 11
  12,   2, 173,   0  ! Row 13, Column 11
  13,   2, 174,   0  ! Row 14, Column 11
  14,   2, 175,   0  ! Row 15, Column 11
  15,   2, 176,   0  ! Row 16, Column 11

SLOT=18
REFINDEX=3
   0,   2, 177,   0  ! Row 1, Column 12
   1,   2, 178,   0  ! Row 2, Column 12
   2,   2, 179,   0  ! Row 3, Column 12
   3,   2, 180,   0  ! Row 4, Column 12
   4,   2, 181,   0  ! Row 5, Column 12
   5,   2, 182,   0  ! Row 6, Column 12
   6,   2, 183,   0  ! Row 7, Column 12
   7,   2, 184,   0  ! Row 8, Column 12
   8,   2, 185,   0  ! Row 9, Column 12
   9,   2, 186,   0  ! Row 10, Column 12
  10,   2, 187,   0  ! Row 11, Column 12
  11,   2, 188,   0  ! Row 12, Column 12
  12,   2, 189,   0  ! Row 13, Column 12
  13,   2, 190,   0  ! Row 14, Column 12
  14,   2, 191,   0  ! Row 15, Column 12
  15,   2, 192,   0  ! Row 16, Column 12

SLOT=19
REFINDEX=3
   0,   2, 193,   0  ! Row 1, Column 13
   1,   2, 194,   0  ! Row 2, Column 13
   2,   2, 195,   0  ! Row 3, Column 13
   3,   2, 196,   0  ! Row 4, Column 13
   4,   2, 197,   0  ! Row 5, Column 13
   5,   2, 198,   0  ! Row 6, Column 13
   6,   2, 199,   0  ! Row 7, Column 13
   7,   2, 200,   0  ! Row 8, Column 13
   8,   2, 201,   0  ! Row 9, Column 13
   9,   2, 202,   0  ! Row 10, Column 13
  10,   2, 203,   0  ! Row 11, Column 13
  11,   2, 204,   0  ! Row 12, Column 13
  12,   2, 205,   0  ! Row 13, Column 13
  13,   2, 206,   0  ! Row 14, Column 13
  14,   2, 207,   0  ! Row 15, Column 13
  15,   2, 208,   0  ! Row 16, Column 13

SLOT=20
REFINDEX=3
   0,   2, 209,   0  ! Row 1, Column 14
   1,   2, 210,   0  ! Row 2, Column 14
   2,   2, 211,   0  ! Row 3, Column 14
   3,   2, 212,   0  ! Row 4, Column 14
   4,   2, 213,   0  ! Row 5, Column 14
   5,   2, 214,   0  ! Row 6, Column 14
   6,   2, 215,   0  ! Row 7, Column 14
   7,   2, 216,   0  ! Row 8, Column 14
   8,   2, 217,   0  ! Row 9, Column 14
   9,   2, 218,   0  ! Row 10, Column 14
  10,   2, 219,   0  ! Row 11, Column 14
  11,   2, 220,   0  ! Row 12, Column 14
  12,   2, 221,   0  ! Row 13, Column 14
  13,   2, 222,   0  ! Row 14, Column 14
  14,   2, 223,   0  ! Row 15, Column 14
  15,   2, 224,   0  ! Row 16, Column 14
