! HMS:
! THMS_ID=10    ADC,TDC

! Plane = 1 >> ADC Only
! Plane = 2 >> TDC Only

DETECTOR=10

ROC=1          

! F250 module
SLOT=17
REFINDEX=3
! chan    plane     bar    sig
      8,      1,      1,     0 ! hASUM
      9,      1,      2,     0 ! hBSUM
     10,      1,      3,     0 ! hCSUM
     11,      1,      4,     0 ! hDSUM
     12,      1,      5,     0 ! hPSHWR
     13,      1,      6,     0 ! hSHWR
     14,      1,      7,     0 ! hAER
     15,      1,      8,     0 ! hCER

! F250 module
SLOT=18
REFINDEX=3
! chan    plane     bar    sig
     11,   1000,      0,     3 ! hFADC_TREF_ROC1
     11,      1,      9,     0 ! hFADC_TREF_ROC1

! CAEN1190 module
SLOT=2
REFINDEX=0
! A0
! chan    plane     bar    sig
     0,       2,      1,     1 ! h1X
     1,       2,      2,     1 ! h1Y
     2,       2,      3,     1 ! h2X
     3,       2,      4,     1 ! h2Y
     4,       2,      5,     1 ! h1T
     5,       2,      6,     1 ! h2T
     6,    1000,      0,     0 ! hTref1
     6,       2,      7,     1 ! hT1
     7,       2,      8,     1 ! hASUM
     8,       2,      9,     1 ! hBSUM
     9,       2,     10,     1 ! hCSUM
    10,       2,     11,     1 ! hDSUM
    11,       2,     12,     1 ! hPRLO
    12,       2,     13,     1 ! hPRHI
    13,       2,     14,     1 ! hSHWR
    14,       2,     15,     1 ! hEDTM
    15,       2,     16,     1 ! hCER
! A1
    26,       2,     23,     1 ! hTRIG1
    27,       2,     24,     1 ! hTRIG2
    28,       2,     25,     1 ! hTRIG3
    29,       2,     26,     1 ! hTRIG4
    30,       2,     27,     1 ! hTRIG5
    31,       2,     28,     1 ! hTRIG6
    16,       2,     29,     1 ! pTRIG1
    17,       2,     30,     1 ! pTRIG2
    18,       2,     31,     1 ! pTRIG3
    19,       2,     32,     1 ! pTRIG4
    20,       2,     33,     1 ! pTRIG5
    21,       2,     34,     1 ! pTRIG6
! B1
    47,       2,     47,     1 ! hT3
    48,       2,     35,     1 ! pSTOF
    49,       2,     36,     1 ! pEL_LO_LO
    50,       2,     37,     1 ! pEL_LO
    51,       2,     38,     1 ! pEL_HI
    52,       2,     39,     1 ! pEL_REAL
    53,       2,     40,     1 ! pEL_CLEAN
    56,       2,     41,     1 ! hSTOF
    57,       2,     42,     1 ! hEL_LO_LO
    58,       2,     43,     1 ! hEL_LO    
    59,       2,     44,     1 ! hEL_HI
    60,       2,     45,     1 ! hEL_REAL
    61,       2,     46,     1 ! hEL_CLEAN
    63,       2,     56,     1 ! hRF
! C0
    64,       2,     48,     1 ! pPRE40
    65,       2,     49,     1 ! pPRE100
    66,       2,     50,     1 ! pPRE150
    67,       2,     51,     1 ! pPRE200
    72,       2,     52,     1 ! hPRE40
    73,       2,     53,     1 ! hPRE100
    74,       2,     54,     1 ! hPRE150
    75,       2,     55,     1 ! hPRE200
    

!CAEN1190 module
SLOT=20
REFINDEX=0
! D1
! chan    plane     bar    sig
REFINDEX=1
   127,    1000,      0,     1 ! hTref2
   127,       2,     17,     1 ! hT2

ROC=3

SLOT=8
 15,   2,  18,   1  ! hDCREF1

SLOT=16
 63,   2,  19,   1  ! hDCREF2

SLOT=4
 111,  2,  20,   1  ! hDCREF3

SLOT=13
 95,   2,  21,   1  ! hDCREF4

SLOT=2
 127,  2,  22,   1  ! hDCREF5
