!HMS:
! HCAL_ID= 15              ADC

DETECTOR=15

ROC=1

SLOT=18
REFINDEX=3
! chan    plane     bar    sig
     11,   1000,      0,     3!  hFADC_TREF_ROC1

!F250 modules
SLOT=3
REFINDEX=3
! chan   plane    row      sig
     0,      1,      1,      0!    hA01+
     1,      1,      2,      0!    hA02+
     2,      1,      3,      0!    hA03+
     3,      1,      4,      0!    hA04+
     4,      1,      5,      0!    hA05+
     5,      1,      6,      0!    hA06+
     6,      1,      7,      0!    hA07+
     7,      1,      8,      0!    hA08+
     8,      1,      9,      0!    hA09+
     9,      1,      10,     0!    hA10+
     10,     1,      11,     0!    hA11+
     11,     1,      12,     0!    hA12+
     12,     1,      13,     0!    hA13+
     13,     1,      1,      1!    hA01-
     14,     1,      2,      1!    hA02-
     15,     1,      3,      1!    hA03-
SLOT=4
REFINDEX=3
! chan   plane    row      sig
     0,      1,      4,      1!    hA04-
     1,      1,      5,      1!    hA05-
     2,      1,      6,      1!    hA06-
     3,      1,      7,      1!    hA07-
     4,      1,      8,      1!    hA08-
     5,      1,      9,      1!    hA09-
     6,      1,      10,     1!    hA10-
     7,      1,      11,     1!    hA11-
     8,      1,      12,     1!    hA12-
     9,      1,      13,     1!    hA13-
     10,     2,      1,      0!    hB01+
     11,     2,      2,      0!    hB02+
     12,     2,      3,      0!    hB03+
     13,     2,      4,      0!    hB04+
     14,     2,      5,      0!    hB05+
     15,     2,      6,      0!    hB06+
SLOT=5
REFINDEX=3
! chan   plane    row      sig
     0,      2,      7,      0!    hB07+
     1,      2,      8,      0!    hB08+
     2,      2,      9,      0!    hB09+
     3,      2,      10,     0!    hB10+
     4,      2,      11,     0!    hB11+
     5,      2,      12,     0!    hB12+
     6,      2,      13,     0!    hB13+
     7,      2,      1,      1!    hB01-
     8,      2,      2,      1!    hB02-
     9,      2,      3,      1!    hB03-
     10,     2,      4,      1!    hB04-
     11,     2,      5,      1!    hB05-
     12,     2,      6,      1!    hB06-
     13,     2,      7,      1!    hB07-
     14,     2,      8,      1!    hB08-
     15,     2,      9,      1!    hB09-
SLOT=6
REFINDEX=3
! chan   plane    row      sig
     0,      2,      10,     1!    hB10-
     1,      2,      11,     1!    hB11-
     2,      2,      12,     1!    hB12-
     3,      2,      13,     1!    hB13-
     4,      3,      1,      0!    hC01+
     5,      3,      2,      0!    hC02+
     6,      3,      3,      0!    hC03+
     7,      3,      4,      0!    hC04+
     8,      3,      5,      0!    hC05+
     9,      3,      6,      0!    hC06+
     10,     3,      7,      0!    hC07+
     11,     3,      8,      0!    hC08+
     12,     3,      9,      0!    hC09+
     13,     3,      10,     0!    hC10+
     14,     3,      11,     0!    hC11+
     15,     3,      12,     0!    hC12+
SLOT=7
REFINDEX=3
! chan   plane    row      sig
     0,      3,      13,     0!    hC13+
     1,      4,      1,      0!    hD01+
     2,      4,      2,      0!    hD02+
     3,      4,      3,      0!    hD03+
     4,      4,      4,      0!    hD04+
     5,      4,      5,      0!    hD05+
     6,      4,      6,      0!    hD06+
     7,      4,      7,      0!    hD07+
     8,      4,      8,      0!    hD08+
     9,      4,      9,      0!    hD09+
     10,     4,      10,     0!    hD10+
     11,     4,      11,     0!    hD11+
     12,     4,      12,     0!    hD12+
     13,     4,      13,     0!    hD13+
